---
source: serpentine/src/engine/cache/mod.rs
expression: "String(\"\\n\\r\")"
---
CacheHash(
    [
        100,
        32,
        49,
        6,
        133,
        249,
        124,
        128,
        160,
        25,
        93,
        252,
        135,
        230,
        197,
        252,
        19,
        189,
        19,
        201,
        255,
        212,
        57,
        60,
        121,
        25,
        170,
        211,
        47,
        106,
        15,
        239,
    ],
)
