---
source: serpentine/src/engine/cache/mod.rs
expression: "String(\"Hello World\")"
---
CacheHash(
    [
        240,
        40,
        161,
        99,
        29,
        121,
        195,
        171,
        18,
        80,
        121,
        77,
        123,
        205,
        83,
        20,
        219,
        164,
        28,
        42,
        128,
        136,
        130,
        87,
        6,
        240,
        95,
        118,
        147,
        50,
        72,
        193,
    ],
)
