---
source: serpentine/src/engine/cache/mod.rs
expression: "Container(ContainerState { snapshot: \"snapshot-fixture\", config: ContainerConfig { env: {\"HOME\": \"/home/root\", \"PATH\": \"/usr/local/bin\"}, working_dir: PathBuf { _encoding: \"unix\", inner: [47, 97, 112, 112] }, user: Some(\"root:root\"), services: {} } })"
---
jPBoMX00Ml3ndqA6xVxi1c3vfTVvMgG4J6y5h+ebenM
