---
source: serpentine/src/engine/cache/mod.rs
expression: FileSystem(FileSystem(..))
---
CacheHash(
    [
        91,
        58,
        203,
        37,
        162,
        224,
        29,
        95,
        227,
        64,
        140,
        59,
        117,
        12,
        234,
        97,
        227,
        198,
        203,
        1,
        13,
        144,
        71,
        206,
        69,
        100,
        204,
        153,
        187,
        51,
        93,
        94,
    ],
)
