---
source: serpentine/src/engine/cache/mod.rs
expression: "Container(ContainerState { snapshot: \"snapshot-fixture\", config: ContainerConfig { env: {\"PATH\": \"/usr/local/bin\", \"HOME\": \"/home/root\"}, working_dir: PathBuf { _encoding: \"unix\", inner: [47, 97, 112, 112] }, user: Some(\"root:root\"), services: {} } })"
---
CacheHash(
    [
        78,
        107,
        12,
        29,
        117,
        132,
        112,
        227,
        195,
        176,
        33,
        143,
        198,
        201,
        54,
        73,
        108,
        138,
        110,
        5,
        95,
        153,
        78,
        216,
        79,
        47,
        95,
        168,
        115,
        50,
        66,
        44,
    ],
)
