---
source: serpentine/src/engine/cache/mod.rs
expression: "Container(ContainerState { snapshot: \"snapshot-fixture\", config: ContainerConfig { env: {\"HOME\": \"/home/root\", \"PATH\": \"/usr/local/bin\"}, working_dir: PathBuf { _encoding: \"unix\", inner: [47, 97, 112, 112] }, user: Some(\"root:root\"), services: {} } })"
---
CacheHash(
    [
        140,
        240,
        104,
        49,
        125,
        52,
        50,
        93,
        231,
        118,
        160,
        58,
        197,
        92,
        98,
        213,
        205,
        239,
        125,
        53,
        111,
        50,
        1,
        184,
        39,
        172,
        185,
        135,
        231,
        155,
        122,
        115,
    ],
)
