---
source: serpentine/src/engine/cache/mod.rs
expression: "Container(ContainerState { snapshot: \"snapshot-fixture-complex\", config: ContainerConfig { env: {}, working_dir: PathBuf { _encoding: \"unix\", inner: [] }, user: None, services: {\"frontend\": ServiceState { container: ContainerState { snapshot: \"snapshot-fixture\", config: ContainerConfig { env: {\"HOME\": \"/home/root\", \"PATH\": \"/usr/local/bin\"}, working_dir: PathBuf { _encoding: \"unix\", inner: [47, 97, 112, 112] }, user: Some(\"root:root\"), services: {} } }, service_config: ServiceConfig { entrypoint: \"exec /entry\", healthcheck: (\"exit 0\", 1s) } }, \"backend\": ServiceState { container: ContainerState { snapshot: \"snapshot-fixture\", config: ContainerConfig { env: {\"HOME\": \"/home/root\", \"PATH\": \"/usr/local/bin\"}, working_dir: PathBuf { _encoding: \"unix\", inner: [47, 97, 112, 112] }, user: Some(\"root:root\"), services: {} } }, service_config: ServiceConfig { entrypoint: \"exec /entry\", healthcheck: (\"exit 0\", 1s) } }} } })"
---
CacheHash(
    [
        206,
        171,
        10,
        147,
        248,
        102,
        74,
        27,
        201,
        8,
        162,
        28,
        30,
        12,
        196,
        169,
        190,
        146,
        226,
        158,
        77,
        68,
        83,
        102,
        251,
        251,
        174,
        64,
        83,
        89,
        12,
        146,
    ],
)
