---
source: serpentine/src/engine/cache/mod.rs
expression: FileSystem(FileSystem(..))
---
CacheHash(
    [
        97,
        203,
        138,
        42,
        3,
        163,
        1,
        79,
        13,
        62,
        12,
        158,
        24,
        83,
        80,
        159,
        14,
        174,
        184,
        196,
        50,
        121,
        158,
        168,
        163,
        30,
        130,
        85,
        21,
        35,
        79,
        156,
    ],
)
