---
source: serpentine/src/engine/cache/mod.rs
expression: Int(-20)
---
CacheHash(
    [
        148,
        154,
        234,
        56,
        235,
        238,
        222,
        168,
        37,
        191,
        79,
        109,
        59,
        189,
        61,
        165,
        134,
        8,
        97,
        92,
        107,
        53,
        153,
        84,
        115,
        217,
        155,
        192,
        216,
        251,
        121,
        213,
    ],
)
