---
source: serpentine/src/engine/cache/mod.rs
expression: "Container(ContainerState { snapshot: \"snapshot-fixture-complex\", config: ContainerConfig { env: {}, working_dir: PathBuf { _encoding: \"unix\", inner: [] }, user: None, services: {\"backend\": ServiceState { container: ContainerState { snapshot: \"snapshot-fixture\", config: ContainerConfig { env: {\"HOME\": \"/home/root\", \"PATH\": \"/usr/local/bin\"}, working_dir: PathBuf { _encoding: \"unix\", inner: [47, 97, 112, 112] }, user: Some(\"root:root\"), services: {} } }, service_config: ServiceConfig { entrypoint: \"exec /entry\", healthcheck: (\"exit 0\", 1s) } }, \"frontend\": ServiceState { container: ContainerState { snapshot: \"snapshot-fixture\", config: ContainerConfig { env: {\"HOME\": \"/home/root\", \"PATH\": \"/usr/local/bin\"}, working_dir: PathBuf { _encoding: \"unix\", inner: [47, 97, 112, 112] }, user: Some(\"root:root\"), services: {} } }, service_config: ServiceConfig { entrypoint: \"exec /entry\", healthcheck: (\"exit 0\", 1s) } }} } })"
---
CacheHash(
    [
        137,
        247,
        106,
        191,
        150,
        209,
        242,
        202,
        101,
        102,
        203,
        65,
        106,
        200,
        123,
        23,
        217,
        249,
        202,
        49,
        160,
        19,
        15,
        159,
        82,
        212,
        229,
        219,
        69,
        119,
        39,
        232,
    ],
)
