---
source: serpentine/src/engine/cache/mod.rs
expression: Int(0)
---
CacheHash(
    [
        145,
        82,
        95,
        240,
        10,
        55,
        85,
        168,
        223,
        147,
        198,
        38,
        181,
        159,
        110,
        54,
        207,
        2,
        29,
        133,
        235,
        204,
        236,
        222,
        220,
        56,
        243,
        241,
        137,
        10,
        21,
        252,
    ],
)
