---
source: serpentine/src/engine/cache/mod.rs
expression: "Service(ServiceState { container: ContainerState { snapshot: \"snapshot-fixture\", config: ContainerConfig { env: {\"HOME\": \"/home/root\", \"PATH\": \"/usr/local/bin\"}, working_dir: PathBuf { _encoding: \"unix\", inner: [47, 97, 112, 112] }, user: Some(\"root:root\"), services: {} } }, service_config: ServiceConfig { entrypoint: \"exec /entry\", healthcheck: (\"exit 0\", 1s) } })"
---
RTGuBbxxCi47zwu/4LFAIbqq6YfKNyLFW7zVjyCIGdU
