---
source: src/snek/mod.rs
expression: err
---
  x Compile Error

Error: compiler::type_mismatch

  x Expected `integer` got `string`
   ,-[/home/viv/coding/serpentine/test_cases/negative/type_mismatch_builtin.snek:1:22]
 1 | export DEFAULT = 1 > Add("Hello");
   :                      ^|^ ^^^|^^^
   :                       |     `-- Has type `string`
   :                       `-- In call to this node
   `----
