---
source: src/snek/mod.rs
expression: err
---
  x Compile Error

Error: compiler::invalid_statement

  x return not allowed in module
   ,-[<redacted-path>:1:1]
 1 | return Add(10, 10);
   : ^^^|^^
   :    `-- This statement is not allowed here
   `----
  help: Maybe you meant to use `export` instead?
