---
source: src/snek/mod.rs
expression: err
---
  x Compile Error

Error: compiler::type_mismatch

  x Expected `container` got `string`
   ,-[<redacted-path>:2:20]
 1 | def Foo(value) {
 2 |     return value > Exec("echo hello");
   :                    ^^^^^^^^^|^^^^^^^^^
   :                             `-- In call to this node
 3 | }
 4 | 
 5 | export DEFAULT = Foo("Hello");
   :                      ^^^|^^^
   :                         `-- Has type `string`
   `----
