---
source: src/snek/mod.rs
expression: err
---
  x Compile Error

Error: compiler::item_already_defined

  x Item 'value' already defined in this scope
   ,-[<redacted-path>:2:1]
 1 | value = 10;
 2 | value = 20;
   : ^^|^^
   :   `-- This name is already defined in this scope
 3 | 
   `----
  help: Snek semantically speaking does not have a specified execution order, so shadowing is not allowed.
