---
source: src/snek/mod.rs
expression: err
---
  x Compile Error

Error: compiler::item_not_found

  x 'Foo' not found in scope
   ,-[<redacted-path>:2:12]
 1 | def Foo(value) {
 2 |     return Foo(value);
   :            ^|^
   :             `-- Item with this name not found
 3 | }
   `----
  help: Serpentine cannot reference items (including functions) before they are defined.
