---
source: src/snek/mod.rs
expression: err
---
  x Compile Error

Error: compiler::item_not_found

  x 'DEFAULT' not found in scope
   ,-[<cli>:1:1]
 1 | DEFAULT
   : ^^^|^^^
   :    `-- Item with this name not found
   `----
  help: Serpentine cannot reference items (including functions) before they are defined.
