---
source: src/snek/mod.rs
expression: err
---
  x Compile Error

Error: compiler::invalid_statement

  x return not allowed in top level
   ,-[/home/viv/coding/serpentine/test_cases/negative/return_in_top_level.snek:1:1]
 1 | return Add(10, 10);
   : ^^^|^^
   :    `-- This statement is not allowed here
   `----
  help: export
