---
source: serpentine/src/snek/mod.rs
expression: err
---
  x Compile Error

Error: compiler::type_mismatch

  x Expected `service` got `container`
   ,-[<redacted-path>:2:7]
 1 | export DEFAULT = Image("...")
 2 |     > WithService(Image("..."), "...");
   :       ^^^^^^^^^^^^^^^^|^^^^^^^^^^^^^^^^|
   :                       |                `-- Has type `container`
   :                       `-- In call to this node
   `----
