---
source: serpentine/src/snek/mod.rs
expression: err
---
  x Compile Error

Error: parsing::unexpected_token

  x Expected `,`
   ,-[<redacted-path>:1:44]
 1 | export DEFAULT = Exec(Image("rust:latest") "world");
   :                                            ^^^|^^^
   :                                               `-- Got `"world"`
   `----
