---
source: src/snek/mod.rs
expression: err
---
  x Compile Error

Error: 
  x Importing module '<redacted-path>' failed
  |-> file_error
  |   
  |     x Could not read file <redacted-path>
  |   
  `-> No such file or directory (os error 2)
   ,-[<redacted-path>:1:8]
 1 | import "..<redacted-path>" as lib;
   :        ^^^^^^|^^^^^^
   :              `-- In this import statement
 2 | 
   `----
