---
source: src/snek/mod.rs
expression: err
---
  x Compile Error

Error: compiler::double_return

  x Multiple returns
   ,-[<redacted-path>:3:5]
 2 |     return value > Exec("hello");
 3 |     return value > Exec("hello");
   :     ^^^|^^
   :        `-- Second return after existing return.
 4 | }
   `----
